// Jest Snapshot v1, https://goo.gl/fbAQLP

exports[`Pruebas en <GifItem /> debe de hacer match con el snapshot 1`] = `
<div>
  <div
    class="card"
  >
    <img
      alt="One Punch Man"
      src="https://giphy.com/gifs/yo3TC0yeHd53G"
    />
    <p>
      One Punch Man
    </p>
  </div>
</div>
`;
